// Jest Snapshot v1, https://goo.gl/fbAQLP

exports[`Login renders form error message 1`] = `ShallowWrapper {}`;
